1787937552.492866  INFO: [ndn_service_framework.CertificatePublisher] Serving certificate name=/example/hello/controller/KEY/E%BEtQ%00%A7AI/self/v=1787937552245 prefix=/example/hello/controller/KEY/E%BEtQ%00%A7AI
1787937552.492929  INFO: [ndn_service_framework.CertificatePublisher] NDNSF_CERT_PUBLISHER_READY prefix=/example/hello/controller/KEY/E%BEtQ%00%A7AI name=/example/hello/controller/KEY/E%BEtQ%00%A7AI/self/v=1787937552245 certCount=1
1787937552.500843  INFO: [ndn_service_framework.ServiceController] Loading config file: /bundle/control.policies
1787937552.503027  INFO: [ndn_service_framework.ServiceController] Add ABE policy: /SERVICE/HELLO OR /SERVICE/NDNSF/DistributedRepo/Artifact/v2/STORE OR /SERVICE/NDNSF/DistributedRepo/Artifact/v2/STORE/ROLE/artifact-replica-0 OR /SERVICE/NDNSF/DistributedRepo/Store OR /SERVICE/NDNSF/DistributedRepo/Store/ROLE/artifact-replica-0 for identity (cert): /example/hello/provider
1787937552.503296  INFO: [ndn_service_framework.ServiceController] Add ABE policy: /SERVICE/HELLO OR /SERVICE/NDNSF/DistributedRepo/Artifact/v2/STORE OR /SERVICE/NDNSF/DistributedRepo/Artifact/v2/STORE/ROLE/artifact-replica-0 OR /SERVICE/NDNSF/DistributedRepo/Store OR /SERVICE/NDNSF/DistributedRepo/Store/ROLE/artifact-replica-0 for identity (cert): /example/hello/provider/A
1787937552.503555  INFO: [ndn_service_framework.ServiceController] Add ABE policy: /SERVICE/HELLO OR /SERVICE/NDNSF/DistributedRepo/Artifact/v2/STORE OR /SERVICE/NDNSF/DistributedRepo/Store OR /SERVICE/NDNSF/DistributedRepo/Store/ROLE/artifact-replica-0 for identity (cert): /example/hello/provider/B
1787937552.503805  INFO: [ndn_service_framework.ServiceController] Add ABE policy: /SERVICE/HELLO OR /SERVICE/NDNSF/DistributedRepo/Store OR /SERVICE/NDNSF/DistributedRepo/Store/ROLE/artifact-replica-0 for identity (cert): /example/hello/provider/C
1787937552.504053  INFO: [ndn_service_framework.ServiceController] Add ABE policy: /SERVICE/HELLO for identity (cert): /example/hello/provider/D
1787937552.504300  INFO: [ndn_service_framework.ServiceController] Add ABE policy: /PERMISSION/HELLO OR /PERMISSION/NDNSF/DistributedRepo/Artifact/v2/STORE OR /PERMISSION/NDNSF/DistributedRepo/Store for identity (cert): /example/hello/user
1787937552.510890  INFO: [ndn_service_framework.ServiceController] ServiceController listening on:
  /example/hello/controller/NDNSF/SERVICEACCESS  /example/hello/controller/NDNSF/SERVICEPROVISION  /example/hello/controller/NDNSF/PERMISSIONS/USER  /example/hello/controller/NDNSF/PERMISSIONS/PROVIDER  /example/hello/controller/NDNSF/POLICY-MANIFEST  /example/hello/controller/NDNSF/CERTBOOTSTRAP
1787937552.513284  INFO: [ndn_service_framework.CertificatePublisher] NDNSF_CERT_PUBLISHER_REGISTERED prefix=/example/hello/controller/KEY/E%BEtQ%00%A7AI
NDNSF_DI_CONTROLLER_READY
1787937554.300642  INFO: [ndn_service_framework.ServiceController] [POLICY-MANIFEST] Reply data=/example/hello/controller/NDNSF/POLICY-MANIFEST payload=PolicyManifest{policyEpoch=8017320604359500226, validFromMs=0, gracePeriodMs=0, requiredKeyEpoch=8017320604359500226}
1787937554.301758  INFO: [ndn_service_framework.ServiceController] [PERMISSIONS/PROVIDER] Encrypted reply target=/example/hello/provider/A entries=5 data=/example/hello/controller/NDNSF/PERMISSIONS/PROVIDER/example/hello/provider/A/t=1787937554301096 payload=EncryptedPermissionResponse{recipientCertName=/example/hello/provider/A/KEY/%04%D36%BD%1F%06%E1i/self/v=1787937552297, algorithm=RSA-WRAPPED-AES-CBC, encryptedAesKeySize=256, ivSize=16, cipherTextSize=480}
1787937554.804529  INFO: [ndn_service_framework.ServiceController] [POLICY-MANIFEST] Reply data=/example/hello/controller/NDNSF/POLICY-MANIFEST payload=PolicyManifest{policyEpoch=8017320604359500226, validFromMs=0, gracePeriodMs=0, requiredKeyEpoch=8017320604359500226}
1787937554.805646  INFO: [ndn_service_framework.ServiceController] [PERMISSIONS/PROVIDER] Encrypted reply target=/example/hello/provider/B entries=4 data=/example/hello/controller/NDNSF/PERMISSIONS/PROVIDER/example/hello/provider/B/t=1787937554804988 payload=EncryptedPermissionResponse{recipientCertName=/example/hello/provider/B/KEY/%C6%AC%E2%A0%FA%DC%96%BF/self/v=1787937552379, algorithm=RSA-WRAPPED-AES-CBC, encryptedAesKeySize=256, ivSize=16, cipherTextSize=368}
1787937555.259785  INFO: [ndn_service_framework.ServiceController] [POLICY-MANIFEST] Reply data=/example/hello/controller/NDNSF/POLICY-MANIFEST payload=PolicyManifest{policyEpoch=8017320604359500226, validFromMs=0, gracePeriodMs=0, requiredKeyEpoch=8017320604359500226}
1787937555.260813  INFO: [ndn_service_framework.ServiceController] [PERMISSIONS/PROVIDER] Encrypted reply target=/example/hello/provider/C entries=3 data=/example/hello/controller/NDNSF/PERMISSIONS/PROVIDER/example/hello/provider/C/t=1787937555260174 payload=EncryptedPermissionResponse{recipientCertName=/example/hello/provider/C/KEY/%F6%8EU%85%C3%60N%E9/self/v=1787937552411, algorithm=RSA-WRAPPED-AES-CBC, encryptedAesKeySize=256, ivSize=16, cipherTextSize=272}
1787937555.845631  INFO: [ndn_service_framework.ServiceController] [POLICY-MANIFEST] Reply data=/example/hello/controller/NDNSF/POLICY-MANIFEST payload=PolicyManifest{policyEpoch=8017320604359500226, validFromMs=0, gracePeriodMs=0, requiredKeyEpoch=8017320604359500226}
1787937555.846643  INFO: [ndn_service_framework.ServiceController] [PERMISSIONS/PROVIDER] Encrypted reply target=/example/hello/provider/D entries=1 data=/example/hello/controller/NDNSF/PERMISSIONS/PROVIDER/example/hello/provider/D/t=1787937555846015 payload=EncryptedPermissionResponse{recipientCertName=/example/hello/provider/D/KEY/%B6%E9%F9%83%92%A1%5E%F2/self/v=1787937552459, algorithm=RSA-WRAPPED-AES-CBC, encryptedAesKeySize=256, ivSize=16, cipherTextSize=96}
1787937559.136638  INFO: [ndn_service_framework.ServiceController] [POLICY-MANIFEST] Reply data=/example/hello/controller/NDNSF/POLICY-MANIFEST payload=PolicyManifest{policyEpoch=8017320604359500226, validFromMs=0, gracePeriodMs=0, requiredKeyEpoch=8017320604359500226}
1787937559.137722  INFO: [ndn_service_framework.ServiceController] [PERMISSIONS/USER] Encrypted reply target=/example/hello/user entries=12 data=/example/hello/controller/NDNSF/PERMISSIONS/USER/example/hello/user/t=1787937559137081 payload=EncryptedPermissionResponse{recipientCertName=/example/hello/user/KEY/%7D%CF%83%84%E0%1E%1A2/self/v=1787937552479, algorithm=RSA-WRAPPED-AES-CBC, encryptedAesKeySize=256, ivSize=16, cipherTextSize=848}
