1787937554.832986  INFO: [ndn_service_framework.CertificatePublisher] Serving certificate name=/example/hello/provider/D/KEY/%B6%E9%F9%83%92%A1%5E%F2/self/v=1787937552459 prefix=/example/hello/provider/D/KEY/%B6%E9%F9%83%92%A1%5E%F2
1787937554.833006  INFO: [ndn_service_framework.CertificatePublisher] NDNSF_CERT_PUBLISHER_READY prefix=/example/hello/provider/D/KEY/%B6%E9%F9%83%92%A1%5E%F2 name=/example/hello/provider/D/KEY/%B6%E9%F9%83%92%A1%5E%F2/self/v=1787937552459 certCount=1
1787937554.837238  WARN: [ndn_service_framework.ServiceProvider] NDNSF_PROVIDER_INIT_STAGE stage=constructor_begin provider=/example/hello/provider/D
1787937554.837249  WARN: [ndn_service_framework.ServiceProvider] NDNSF_CERT_SELECTION role=provider identity=/example/hello/provider/D encryptionCert=/example/hello/provider/D/KEY/%B6%E9%F9%83%92%A1%5E%F2/self/v=1787937552459 signingCert=/example/hello/provider/D/KEY/%B6%E9%F9%83%92%A1%5E%F2/self/v=1787937552459 splitSigning=false
1787937554.837356  INFO: [ndn_service_framework.ServiceProvider] NDNSF_HANDLER_THREADS role=provider workers=2
1787937554.837367  INFO: [ndn_service_framework.ServiceProvider] NDNSF_ACK_THREADS role=provider workers=2
1787937554.838458  WARN: [ndn_service_framework.ServiceProvider] NDNSF_PROVIDER_INIT_STAGE stage=validator_loaded provider=/example/hello/provider/D
1787937554.838470  INFO: [ndn_service_framework.ServiceProvider] [ServiceProvider] NAC_ABE_BOOTSTRAP provider=/example/hello/provider/D authority=/example/hello/controller dkPrefix=/example/hello/controller/DKEY
1787937554.838490  INFO: [ndn_service_framework.ServiceProvider] [ServiceProvider] registered service content prefix=/example/hello/provider/D/NDNSF
1787937554.840443  WARN: [ndn_service_framework.ServiceProvider] NDNSF_PROVIDER_INIT_STAGE stage=content_filters_registered provider=/example/hello/provider/D
1787937554.840485  INFO: [ndn_service_framework.ServiceProvider] NDNSF_SVS_OPTIONS role=provider maxApplicationParametersSize=4096 maxPiggyDataSize=800
1787937554.840489  WARN: [ndn_service_framework.ServiceProvider] NDNSF_SVS_PUBLICATION_FETCH_CONFIG role=provider retries=2 innerRetries=2 lifetimeMs=500 backoffMs=50 maxBackoffMs=2000 window=10 expectedRps=0 explicitWindow=false
1787937554.840512 ERROR: [ndn_service_framework.ConfigManager] Cannot open config file: /etc/ndn/ndnsf.conf
1787937554.842753  INFO: [ndn_service_framework.ServiceProvider] NDNSF_SVS_PROTOCOL role=provider version=3 lifetimeMs=1000 suppressionMs=200 periodicMs=30000
1787937554.842781  INFO: [ndn_service_framework.ServiceProvider] NDNSF_SVS_PERIODIC_SYNC_MS role=provider value=100
1787937554.842792  INFO: [ndn_service_framework.ServiceProvider] NDNSF_SVS_ASYNC_PUBLISH role=provider disabled
1787937554.842801  INFO: [ndn_service_framework.ServiceProvider] NDNSF_SVS_PARALLEL_SYNC disabled role=provider reason=explicit-opt-in-required
1787937554.842810  INFO: [ndn_service_framework.ServiceProvider] NDNSF_SVS_PARALLEL_PRODUCTION disabled role=provider reason=explicit-opt-in-required
1787937554.842824  WARN: [ndn_service_framework.ServiceProvider] NDNSF_PROVIDER_INIT_STAGE stage=svs_pubsub_ready provider=/example/hello/provider/D
1787937554.842839  INFO: [ndn_service_framework.ServiceProvider] DK_INTEREST_EXPRESSED prefix=/example/hello/controller/DKEY provider=/example/hello/provider/D
1787937554.842898  INFO: [ndn_service_framework.ServiceProvider] Waiting for decryption key
1787937554.846655  INFO: [ndn_service_framework.CertificatePublisher] NDNSF_CERT_PUBLISHER_REGISTERED prefix=/example/hello/provider/D/KEY/%B6%E9%F9%83%92%A1%5E%F2
1787937555.843087  WARN: [ndn_service_framework.ServiceProvider] NDNSF_PROVIDER_INIT_STAGE stage=dkey_wait_iteration provider=/example/hello/provider/D
1787937555.843104  INFO: [ndn_service_framework.ServiceProvider] DK_DECRYPT_SUCCESS provider=/example/hello/provider/D
1787937555.843106  WARN: [ndn_service_framework.ServiceProvider] NDNSF_PROVIDER_INIT_STAGE stage=constructor_done provider=/example/hello/provider/D
1787937555.843132  WARN: [ndn_service_framework.ServiceProvider] UserToken/ProviderToken runtime mode: enabled
1787937555.843398  WARN: [ndn_service_framework.ServiceProvider] NDNSF provider worker threads: 4
1787937555.843471  WARN: [ndn_service_framework.ServiceProvider] NDNSF provider ACK worker threads: 2
1787937555.844371  WARN: [ndn_service_framework.ServiceProvider] [ServiceProvider] registered service prefix=/HELLO
1787937555.844395  WARN: [ndn_service_framework.ServiceProvider] Registered service handler for /HELLO invocation-mode=NormalAndTargeted
1787937555.844438  INFO: [ndn_service_framework.ServiceProvider] No provider service info registration configured for /example/hello/provider/D
1787937555.844453  WARN: [ndn_service_framework.ServiceProvider] Register NDNSF Messages in ndn-svs
1787937555.844480  INFO: [ndn_service_framework.utils] <HELLO>
1787937555.844491  WARN: [ndn_service_framework.ServiceProvider] [ServiceProvider] SVS request subscription regex=^(<>*)<NDNSF><REQUEST><HELLO>(<>)$
1787937555.844601  INFO: [ndn_service_framework.ServiceProvider] Fetch policy manifest: /example/hello/controller/NDNSF/POLICY-MANIFEST attempt=1/20
1787937555.844662  INFO: [ndn_service_framework.ServiceProvider] Fetch provider permissions: /example/hello/controller/NDNSF/PERMISSIONS/PROVIDER/example/hello/provider/D attempt=1/20
1787937555.846944  INFO: [ndn_service_framework.ServiceProvider] Installed PolicyManifest PolicyManifest{policyEpoch=8017320604359500226, validFromMs=0, gracePeriodMs=0, requiredKeyEpoch=8017320604359500226}
1787937555.848075  WARN: [ndn_service_framework.ServiceProvider] Installed provider permission provider=/example/hello/provider/D/HELLO service=/HELLO policyEpoch=8017320604359500226
NDNSF_DI_NATIVE_PROVIDER_READY provider=/example/hello/provider/D
1787937564.754911  INFO: [ndn_service_framework.ServiceProvider] NDNSF_PUBLICATION_AUDIT role=provider type=REQUEST validated=true packetPresent=true packetName=/example/hello/user/NDNSF/REQUEST/HELLO/20260828T171924.137163-7192eef03f0168ac producerPrefix=/example/hello/user/user/0 seqNo=1 signerKeyLocator=/example/hello/user/KEY/%7D%CF%83%84%E0%1E%1A2/self/v=1787937552479 wireDigest=sha256:A8355E50FCD7F5AE13B0C40DB89B45194D8A03C17CDA3D44687B7506E3D70596 requestId=/20260828T171924.137163-7192eef03f0168ac serviceName=/HELLO requesterName=/example/hello/user providerName=/example/hello/provider/D
