1787937554.240447  INFO: [ndn_service_framework.CertificatePublisher] Serving certificate name=/example/hello/provider/C/KEY/%F6%8EU%85%C3%60N%E9/self/v=1787937552411 prefix=/example/hello/provider/C/KEY/%F6%8EU%85%C3%60N%E9
1787937554.240511  INFO: [ndn_service_framework.CertificatePublisher] NDNSF_CERT_PUBLISHER_READY prefix=/example/hello/provider/C/KEY/%F6%8EU%85%C3%60N%E9 name=/example/hello/provider/C/KEY/%F6%8EU%85%C3%60N%E9/self/v=1787937552411 certCount=1
1787937554.244786  WARN: [ndn_service_framework.ServiceProvider] NDNSF_PROVIDER_INIT_STAGE stage=constructor_begin provider=/example/hello/provider/C
1787937554.244811  WARN: [ndn_service_framework.ServiceProvider] NDNSF_CERT_SELECTION role=provider identity=/example/hello/provider/C encryptionCert=/example/hello/provider/C/KEY/%F6%8EU%85%C3%60N%E9/self/v=1787937552411 signingCert=/example/hello/provider/C/KEY/%F6%8EU%85%C3%60N%E9/self/v=1787937552411 splitSigning=false
1787937554.244949  INFO: [ndn_service_framework.ServiceProvider] NDNSF_HANDLER_THREADS role=provider workers=2
1787937554.244965  INFO: [ndn_service_framework.ServiceProvider] NDNSF_ACK_THREADS role=provider workers=2
1787937554.246053  WARN: [ndn_service_framework.ServiceProvider] NDNSF_PROVIDER_INIT_STAGE stage=validator_loaded provider=/example/hello/provider/C
1787937554.246076  INFO: [ndn_service_framework.ServiceProvider] [ServiceProvider] NAC_ABE_BOOTSTRAP provider=/example/hello/provider/C authority=/example/hello/controller dkPrefix=/example/hello/controller/DKEY
1787937554.246107  INFO: [ndn_service_framework.ServiceProvider] [ServiceProvider] registered service content prefix=/example/hello/provider/C/NDNSF
1787937554.248059  WARN: [ndn_service_framework.ServiceProvider] NDNSF_PROVIDER_INIT_STAGE stage=content_filters_registered provider=/example/hello/provider/C
1787937554.248116  INFO: [ndn_service_framework.ServiceProvider] NDNSF_SVS_OPTIONS role=provider maxApplicationParametersSize=4096 maxPiggyDataSize=800
1787937554.248132  WARN: [ndn_service_framework.ServiceProvider] NDNSF_SVS_PUBLICATION_FETCH_CONFIG role=provider retries=2 innerRetries=2 lifetimeMs=500 backoffMs=50 maxBackoffMs=2000 window=10 expectedRps=0 explicitWindow=false
1787937554.248163 ERROR: [ndn_service_framework.ConfigManager] Cannot open config file: /etc/ndn/ndnsf.conf
1787937554.250270  INFO: [ndn_service_framework.ServiceProvider] NDNSF_SVS_PROTOCOL role=provider version=3 lifetimeMs=1000 suppressionMs=200 periodicMs=30000
1787937554.250298  INFO: [ndn_service_framework.ServiceProvider] NDNSF_SVS_PERIODIC_SYNC_MS role=provider value=100
1787937554.250308  INFO: [ndn_service_framework.ServiceProvider] NDNSF_SVS_ASYNC_PUBLISH role=provider disabled
1787937554.250318  INFO: [ndn_service_framework.ServiceProvider] NDNSF_SVS_PARALLEL_SYNC disabled role=provider reason=explicit-opt-in-required
1787937554.250327  INFO: [ndn_service_framework.ServiceProvider] NDNSF_SVS_PARALLEL_PRODUCTION disabled role=provider reason=explicit-opt-in-required
1787937554.250341  WARN: [ndn_service_framework.ServiceProvider] NDNSF_PROVIDER_INIT_STAGE stage=svs_pubsub_ready provider=/example/hello/provider/C
1787937554.250356  INFO: [ndn_service_framework.ServiceProvider] DK_INTEREST_EXPRESSED prefix=/example/hello/controller/DKEY provider=/example/hello/provider/C
1787937554.250427  INFO: [ndn_service_framework.ServiceProvider] Waiting for decryption key
1787937554.251689  INFO: [ndn_service_framework.CertificatePublisher] NDNSF_CERT_PUBLISHER_REGISTERED prefix=/example/hello/provider/C/KEY/%F6%8EU%85%C3%60N%E9
1787937555.256994  WARN: [ndn_service_framework.ServiceProvider] NDNSF_PROVIDER_INIT_STAGE stage=dkey_wait_iteration provider=/example/hello/provider/C
1787937555.257016  INFO: [ndn_service_framework.ServiceProvider] DK_DECRYPT_SUCCESS provider=/example/hello/provider/C
1787937555.257019  WARN: [ndn_service_framework.ServiceProvider] NDNSF_PROVIDER_INIT_STAGE stage=constructor_done provider=/example/hello/provider/C
1787937555.257056  WARN: [ndn_service_framework.ServiceProvider] UserToken/ProviderToken runtime mode: enabled
1787937555.257242  WARN: [ndn_service_framework.ServiceProvider] NDNSF provider worker threads: 4
1787937555.257330  WARN: [ndn_service_framework.ServiceProvider] NDNSF provider ACK worker threads: 2
1787937555.258594  WARN: [ndn_service_framework.ServiceProvider] [ServiceProvider] registered service prefix=/HELLO
1787937555.258620  WARN: [ndn_service_framework.ServiceProvider] Registered service handler for /HELLO invocation-mode=NormalAndTargeted
1787937555.258687  INFO: [ndn_service_framework.ServiceProvider] No provider service info registration configured for /example/hello/provider/C
1787937555.258705  WARN: [ndn_service_framework.ServiceProvider] Register NDNSF Messages in ndn-svs
1787937555.258733  INFO: [ndn_service_framework.utils] <HELLO>
1787937555.258747  WARN: [ndn_service_framework.ServiceProvider] [ServiceProvider] SVS request subscription regex=^(<>*)<NDNSF><REQUEST><HELLO>(<>)$
1787937555.258885  INFO: [ndn_service_framework.ServiceProvider] Fetch policy manifest: /example/hello/controller/NDNSF/POLICY-MANIFEST attempt=1/20
1787937555.258948  INFO: [ndn_service_framework.ServiceProvider] Fetch provider permissions: /example/hello/controller/NDNSF/PERMISSIONS/PROVIDER/example/hello/provider/C attempt=1/20
1787937555.261100  INFO: [ndn_service_framework.ServiceProvider] Installed PolicyManifest PolicyManifest{policyEpoch=8017320604359500226, validFromMs=0, gracePeriodMs=0, requiredKeyEpoch=8017320604359500226}
1787937555.262166  WARN: [ndn_service_framework.ServiceProvider] Installed provider permission provider=/example/hello/provider/C/HELLO service=/HELLO policyEpoch=8017320604359500226
1787937555.262187  WARN: [ndn_service_framework.ServiceProvider] Installed provider permission provider=/example/hello/provider/C/NDNSF/DistributedRepo/Store service=/NDNSF/DistributedRepo/Store policyEpoch=8017320604359500226
1787937555.262197  WARN: [ndn_service_framework.ServiceProvider] Installed provider permission provider=/example/hello/provider/C/NDNSF/DistributedRepo/Store/ROLE/artifact-replica-0 service=/NDNSF/DistributedRepo/Store/ROLE/artifact-replica-0 policyEpoch=8017320604359500226
NDNSF_DI_NATIVE_PROVIDER_READY provider=/example/hello/provider/C
1787937564.475552  INFO: [ndn_service_framework.ServiceProvider] NDNSF_PUBLICATION_AUDIT role=provider type=REQUEST validated=true packetPresent=true packetName=/example/hello/user/NDNSF/REQUEST/HELLO/20260828T171924.137163-7192eef03f0168ac producerPrefix=/example/hello/user/user/0 seqNo=1 signerKeyLocator=/example/hello/user/KEY/%7D%CF%83%84%E0%1E%1A2/self/v=1787937552479 wireDigest=sha256:A8355E50FCD7F5AE13B0C40DB89B45194D8A03C17CDA3D44687B7506E3D70596 requestId=/20260828T171924.137163-7192eef03f0168ac serviceName=/HELLO requesterName=/example/hello/user providerName=/example/hello/provider/C
