1787937558.122531  INFO: [ndn_service_framework.CertificatePublisher] Serving certificate name=/example/hello/user/KEY/%7D%CF%83%84%E0%1E%1A2/self/v=1787937552479 prefix=/example/hello/user/KEY/%7D%CF%83%84%E0%1E%1A2
1787937558.122593  INFO: [ndn_service_framework.CertificatePublisher] NDNSF_CERT_PUBLISHER_READY prefix=/example/hello/user/KEY/%7D%CF%83%84%E0%1E%1A2 name=/example/hello/user/KEY/%7D%CF%83%84%E0%1E%1A2/self/v=1787937552479 certCount=1
1787937558.127098  WARN: [ndn_service_framework.ServiceUser] NDNSF_CERT_SELECTION role=user identity=/example/hello/user encryptionCert=/example/hello/user/KEY/%7D%CF%83%84%E0%1E%1A2/self/v=1787937552479 signingCert=/example/hello/user/KEY/%7D%CF%83%84%E0%1E%1A2/self/v=1787937552479 splitSigning=false
1787937558.127294  INFO: [ndn_service_framework.ServiceUser] NDNSF_HANDLER_THREADS role=user workers=2
1787937558.127374  INFO: [ndn_service_framework.ServiceUser] NDNSF_ACK_THREADS role=user workers=2
1787937558.129785  INFO: [ndn_service_framework.ServiceUser] NDNSF_SVS_OPTIONS role=user maxApplicationParametersSize=4096 maxPiggyDataSize=800
1787937558.129798  WARN: [ndn_service_framework.ServiceUser] NDNSF_SVS_PUBLICATION_FETCH_CONFIG role=user retries=2 innerRetries=2 lifetimeMs=500 backoffMs=50 maxBackoffMs=2000 window=10 expectedRps=0 explicitWindow=false
1787937558.129822 ERROR: [ndn_service_framework.ConfigManager] Cannot open config file: /etc/ndn/ndnsf.conf
1787937558.132015  INFO: [ndn_service_framework.ServiceUser] NDNSF_SVS_PROTOCOL role=user version=3 lifetimeMs=1000 suppressionMs=200 periodicMs=30000
1787937558.132042  INFO: [ndn_service_framework.ServiceUser] NDNSF_SVS_PERIODIC_SYNC_MS role=user value=100
1787937558.132054  INFO: [ndn_service_framework.ServiceUser] NDNSF_SVS_ASYNC_PUBLISH role=user disabled
1787937558.132064  INFO: [ndn_service_framework.ServiceUser] NDNSF_SVS_PARALLEL_SYNC disabled role=user reason=explicit-opt-in-required
1787937558.132073  INFO: [ndn_service_framework.ServiceUser] NDNSF_SVS_PARALLEL_PRODUCTION disabled role=user reason=explicit-opt-in-required
1787937558.132139  INFO: [ndn_service_framework.ServiceUser] Waiting for decryption key
1787937558.133433  INFO: [ndn_service_framework.CertificatePublisher] NDNSF_CERT_PUBLISHER_REGISTERED prefix=/example/hello/user/KEY/%7D%CF%83%84%E0%1E%1A2
1787937559.134364  WARN: [ndn_service_framework.ServiceUser] UserToken/ProviderToken runtime mode: enabled
1787937559.134508  WARN: [ndn_service_framework.ServiceUser] NDNSF user worker threads: 2
1787937559.135578  WARN: [ndn_service_framework.ServiceUser] NDNSF user ACK processing threads: 2
1787937559.135600  WARN: [ndn_service_framework.ServiceUser] Adaptive admission control: disabled window=512 min=1 max=512 hardInflight=512 softQueueLimitCap=0 hardQueueLimitCap=0 controlIntervalMs=500 targetLatencyMs=350 hardTargetLatencyMs=500
1787937559.135616  INFO: [ndn_service_framework.ServiceUser] Register NDNSF Messages in ndn-svs
1787937559.135627  INFO: [ndn_service_framework.ServiceUser] ^(<>*)<NDNSF><ACK>(<>*)$
1787937559.135676  INFO: [ndn_service_framework.ServiceUser] ^(<>*)<NDNSF><RESPONSE>(<>*)$
1787937559.135795  INFO: [ndn_service_framework.ServiceUser] Fetch policy manifest: /example/hello/controller/NDNSF/POLICY-MANIFEST attempt=1/20
1787937559.135835  INFO: [ndn_service_framework.ServiceUser] Fetch user permissions: /example/hello/controller/NDNSF/PERMISSIONS/USER/example/hello/user attempt=1/20
1787937559.137964  INFO: [ndn_service_framework.ServiceUser] Installed PolicyManifest PolicyManifest{policyEpoch=8017320604359500226, validFromMs=0, gracePeriodMs=0, requiredKeyEpoch=8017320604359500226}
1787937559.138768  INFO: [ndn_service_framework.ServiceUser] Installed user permission provider=/example/hello/provider/HELLO service=/HELLO policyEpoch=8017320604359500226
1787937559.138789  INFO: [ndn_service_framework.ServiceUser] Installed user permission provider=/example/hello/provider/A/HELLO service=/HELLO policyEpoch=8017320604359500226
1787937559.138800  INFO: [ndn_service_framework.ServiceUser] Installed user permission provider=/example/hello/provider/B/HELLO service=/HELLO policyEpoch=8017320604359500226
1787937559.138817  INFO: [ndn_service_framework.ServiceUser] Installed user permission provider=/example/hello/provider/C/HELLO service=/HELLO policyEpoch=8017320604359500226
1787937559.138826  INFO: [ndn_service_framework.ServiceUser] Installed user permission provider=/example/hello/provider/D/HELLO service=/HELLO policyEpoch=8017320604359500226
1787937559.138835  INFO: [ndn_service_framework.ServiceUser] Installed user permission provider=/example/hello/provider/NDNSF/DistributedRepo/Artifact/v2/STORE service=/NDNSF/DistributedRepo/Artifact/v2/STORE policyEpoch=8017320604359500226
1787937559.138844  INFO: [ndn_service_framework.ServiceUser] Installed user permission provider=/example/hello/provider/A/NDNSF/DistributedRepo/Artifact/v2/STORE service=/NDNSF/DistributedRepo/Artifact/v2/STORE policyEpoch=8017320604359500226
1787937559.138853  INFO: [ndn_service_framework.ServiceUser] Installed user permission provider=/example/hello/provider/B/NDNSF/DistributedRepo/Artifact/v2/STORE service=/NDNSF/DistributedRepo/Artifact/v2/STORE policyEpoch=8017320604359500226
1787937559.138862  INFO: [ndn_service_framework.ServiceUser] Installed user permission provider=/example/hello/provider/NDNSF/DistributedRepo/Store service=/NDNSF/DistributedRepo/Store policyEpoch=8017320604359500226
1787937559.138871  INFO: [ndn_service_framework.ServiceUser] Installed user permission provider=/example/hello/provider/A/NDNSF/DistributedRepo/Store service=/NDNSF/DistributedRepo/Store policyEpoch=8017320604359500226
1787937559.138880  INFO: [ndn_service_framework.ServiceUser] Installed user permission provider=/example/hello/provider/B/NDNSF/DistributedRepo/Store service=/NDNSF/DistributedRepo/Store policyEpoch=8017320604359500226
1787937559.138889  INFO: [ndn_service_framework.ServiceUser] Installed user permission provider=/example/hello/provider/C/NDNSF/DistributedRepo/Store service=/NDNSF/DistributedRepo/Store policyEpoch=8017320604359500226
NDNSF_DI_USER_PERMISSIONS /example/hello/provider/A/HELLO:/HELLO:8017320604359500226;/example/hello/provider/A/NDNSF/DistributedRepo/Artifact/v2/STORE:/NDNSF/DistributedRepo/Artifact/v2/STORE:8017320604359500226;/example/hello/provider/A/NDNSF/DistributedRepo/Store:/NDNSF/DistributedRepo/Store:8017320604359500226;/example/hello/provider/B/HELLO:/HELLO:8017320604359500226;/example/hello/provider/B/NDNSF/DistributedRepo/Artifact/v2/STORE:/NDNSF/DistributedRepo/Artifact/v2/STORE:8017320604359500226;/example/hello/provider/B/NDNSF/DistributedRepo/Store:/NDNSF/DistributedRepo/Store:8017320604359500226;/example/hello/provider/C/HELLO:/HELLO:8017320604359500226;/example/hello/provider/C/NDNSF/DistributedRepo/Store:/NDNSF/DistributedRepo/Store:8017320604359500226;/example/hello/provider/D/HELLO:/HELLO:8017320604359500226;/example/hello/provider/HELLO:/HELLO:8017320604359500226;/example/hello/provider/NDNSF/DistributedRepo/Artifact/v2/STORE:/NDNSF/DistributedRepo/Artifact/v2/STORE:8017320604359500226;/example/hello/provider/NDNSF/DistributedRepo/Store:/NDNSF/DistributedRepo/Store:8017320604359500226
1787937565.320548  INFO: [ndn_service_framework.ServiceUser] NDNSF_PUBLICATION_AUDIT role=user type=ACK validated=true packetPresent=true packetName=/example/hello/provider/A/NDNSF/ACK/%2Fexample%2Fhello%2Fuser/HELLO/20260828T171924.137163-7192eef03f0168ac producerPrefix=/example/hello/provider/A/provider/0 seqNo=1 signerKeyLocator=/example/hello/provider/A/KEY/%04%D36%BD%1F%06%E1i/self/v=1787937552297 wireDigest=sha256:47CB66DC226156F9AAAFFCD3878848921005A8D68FDA50D4B32F4618372FABE9 requestId=/20260828T171924.137163-7192eef03f0168ac serviceName=/HELLO requesterName=/example/hello/user providerName=/example/hello/provider/A
1787937565.320847  INFO: [ndn_service_framework.ServiceUser] NDNSF_PUBLICATION_AUDIT role=user type=ACK validated=true packetPresent=true packetName=/example/hello/provider/B/NDNSF/ACK/%2Fexample%2Fhello%2Fuser/HELLO/20260828T171924.137163-7192eef03f0168ac producerPrefix=/example/hello/provider/B/provider/0 seqNo=1 signerKeyLocator=/example/hello/provider/B/KEY/%C6%AC%E2%A0%FA%DC%96%BF/self/v=1787937552379 wireDigest=sha256:97B236C1EF09DB29CD8C7143440F2ECFB53E6E41C9101DEF21514BAAE135812B requestId=/20260828T171924.137163-7192eef03f0168ac serviceName=/HELLO requesterName=/example/hello/user providerName=/example/hello/provider/B
1787937565.321846  INFO: [ndn_service_framework.ServiceUser] NDNSF_PUBLICATION_AUDIT role=user type=ACK validated=true packetPresent=true packetName=/example/hello/provider/C/NDNSF/ACK/%2Fexample%2Fhello%2Fuser/HELLO/20260828T171924.137163-7192eef03f0168ac producerPrefix=/example/hello/provider/C/provider/0 seqNo=1 signerKeyLocator=/example/hello/provider/C/KEY/%F6%8EU%85%C3%60N%E9/self/v=1787937552411 wireDigest=sha256:4609C45AAC0DCE3BC802B25E028E33186152B11F20A126856BAEE7DEBE3D3EC0 requestId=/20260828T171924.137163-7192eef03f0168ac serviceName=/HELLO requesterName=/example/hello/user providerName=/example/hello/provider/C
1787937565.347201  INFO: [ndn_service_framework.ServiceUser] NDNSF_PUBLICATION_AUDIT role=user type=ACK validated=true packetPresent=true packetName=/example/hello/provider/D/NDNSF/ACK/%2Fexample%2Fhello%2Fuser/HELLO/20260828T171924.137163-7192eef03f0168ac producerPrefix=/example/hello/provider/D/provider/0 seqNo=1 signerKeyLocator=/example/hello/provider/D/KEY/%B6%E9%F9%83%92%A1%5E%F2/self/v=1787937552459 wireDigest=sha256:AE76DCB1DA5815C1685A12944BB811E3D4DCEB0B499BE0BD7D7CA00A7B676556 requestId=/20260828T171924.137163-7192eef03f0168ac serviceName=/HELLO requesterName=/example/hello/user providerName=/example/hello/provider/D
NDNSF_DI_ACK_CLOSED count=4 successful=4 providers=/example/hello/provider/A,/example/hello/provider/B,/example/hello/provider/C,/example/hello/provider/D
1787937569.764829  INFO: [ndn_service_framework.ServiceUser] NDNSF_PUBLICATION_AUDIT role=user type=RESPONSE validated=true packetPresent=true packetName=/example/hello/provider/A/NDNSF/RESPONSE/%2Fexample%2Fhello%2Fuser/HELLO/20260828T171924.137163-7192eef03f0168ac producerPrefix=/example/hello/provider/A/provider/0 seqNo=2 signerKeyLocator=/example/hello/provider/A/KEY/%04%D36%BD%1F%06%E1i/self/v=1787937552297 wireDigest=sha256:8BD12255830779C6587D02CFC8D313543D2CAF385E059DFBF2736E7951CF21EC requestId=/20260828T171924.137163-7192eef03f0168ac serviceName=/HELLO requesterName=/example/hello/user providerName=/example/hello/provider/A
NDNSF_DI_CONTROL_LIFECYCLE_PASS acks=4 response=HELLO_FROM_A
1787937569.768354  INFO: [ndn_service_framework.ServiceUser] NDNSF_SVS_SYNC_STATS role=user submitted=0 completed=0 dropped=0 stale=0 queueDepth=0 workerMs=0 publishMs=2 serialMs=0 parallelTotalMs=0 mainBlockingMs=0 productionSubmitted=0 productionCompleted=0 productionDropped=0 productionStale=0 productionQueueDepth=0
1787937569.768389  INFO: [ndn_service_framework.ServiceUser] NDNSF_SVS_DELIVERY_STATS role=user malformed=0 signaturePolicy=0 vectorDecode=0 mappingQueued=0 mappingPending=0 mappingDispatched=5 mappingData=5 mappingNacks=0 mappingTimeouts=0 mappingRetries=0 publicationQueued=0 publicationPending=0 publicationDispatched=5 publicationData=5 publicationNacks=0 publicationTimeouts=0 publicationRetries=0 piggyReceived=6 piggyDelivered=0 publicationFallbacks=5 publicationRetryActivations=0
